
> fractional-cmo-v2@0.1.0 build
> next build --turbopack

   Γû▓ Next.js 16.0.10 (Turbopack)
   - Environments: .env.local

   Creating an optimized production build ...
 Γ£ô Compiled successfully in 21.9s
   Running TypeScript ...
node.exe : Failed to compile.
At C:\Program Files\nodejs\npm.ps1:29 char:3
+   & $NODE_EXE $NPM_CLI_JS $args
+   ~~~~~~~~~~~~~~~~~~~~~~~~~~~~~
    + CategoryInfo          : NotSpecified: (Failed to compile.:String) [], RemoteException
    + FullyQualifiedErrorId : NativeCommandError
 

./app/blog/when-to-hire-fractional-cmo/page.tsx:24:13
Type error: Cannot find name 'TrendingUp'.

[0m [90m 22 |[39m   [36mconst[39m warningSignsData [33m=[39m [
 [90m 23 |[39m     {
[31m[1m>[22m[39m[90m 24 |[39m       icon[33m:[39m [33mTrendingUp[39m[33m,[39m
 [90m    |[39m             [31m[1m^[22m[39m
 [90m 25 |[39m       title[33m:[39m [32m"Stagnant Growth"[39m[33m,[39m
 [90m 26 |[39m       description[33m:[39m [32m"Revenue has plateaued despite increased marketing 
spend"[39m[33m,[39m
 [90m 27 |[39m       signals[33m:[39m [[32m"Marketing ROI declining"[39m[33m,[39m [32m"Customer 
acquisition costs rising"[39m[33m,[39m [32m"Market share decreasing"[39m][0m
Next.js build worker exited with code: 1 and signal: null
